$# Creating journal file C:\Users\mmttn\Desktop\2012 04 
$# 27_ttn_Website\graphics\projects_page\original\without_relief_groove.db.jou
$#  at 02-May-12 18:13:16
uil_file_rebuild.start("C:\MSC.Software\Patran_x64\20102/template.db", @
"C:\Users\mmttn\Desktop\2012 04 27_ttn_Website\graphics\projects_page\orig" // @
"inal\without_relief_groove.db")
$# Synchronizing the User Data Manager
set_current_dir( "C:\Users\mmttn\Desktop\2012 04 27_ttn_Website\graphics\p" // @
"rojects_page\original" )
$# The current working directory has been changed to the database location 
$# shown.                                                                     
$#                                                                            
$#                                   
p3_express_options_file( "express.opt", FALSE, 3, 1, 52054, TRUE, [39.370079,  @
0., 0., 0., 39.370079, 0., 0., 0., 39.370079, 0., 0., 0.], 0, ["0"], [[-1]], [ @
[-1]], [[-1]], TRUE, [0], TRUE, [0], TRUE, [0], 3, 1, 3 )
INTEGER uil_file_import_ps_tr_xmt_count(5)
INTEGER uil_file_import_ps_patran_count(4)
INTEGER uil_file_import_ps_tra_n_layers
INTEGER uil_file_import_ps_tr_layer_ids(5,256)
REAL uil_file_import_ps_tr_model_tol(2)
p3_ug_xmt_import_v2( "C:\_My.PhD.Works\Projects\2011Sep29_Out Project 1_Th" // @
"read Engagement\ttn_Export\ttn_male_thread_full.x_t", "", "express.opt",  @
TRUE, 0, uil_file_import_ps_tr_xmt_count, uil_file_import_ps_patran_count,  @
uil_file_import_ps_tra_n_layers, uil_file_import_ps_tr_layer_ids,  @
uil_file_import_ps_tr_model_tol, TRUE, "", FALSE )
$# The Global Model Tolerance has been changed from 0.005 to the newly 
$# calculated Global Model Tolerance of 0.0001.
$# The Global Model Tolerance has been changed from 0.0001 to the newly 
$# calculated Global Model Tolerance of 0.0157029.
$# The Global Model Tolerance has been reset to the original value of 0.005.
ga_view_aa_set( 23.075924, 46.620132, 3.232427 )
ga_view_aa_set( 10.324306, 49.779503, 11.108860 )
uil_toolbar.shaded_smooth(  )
ga_view_aa_set( -13.052958, 41.216007, 26.424603 )
ga_view_zoom_set( 3.822908 )
ga_view_center_set( -8.525086, -3.249472 )
ga_view_aa_set( -12.023772, 35.358612, 24.765812 )
ga_view_aa_set( 23., -34., 0. )
ga_view_aa_set( 157., 34, -180. )
ga_view_aa_set( 180., -90., 180. )
ga_view_aa_set( 23., 56., 0. )
ga_view_aa_set( 23., 56., 0. )
ga_view_aa_set( 23., 56., 0. )
ga_view_zoom_set( 1.108089 )
ga_view_aa_set( 16.763298, 44.032848, -2.299038 )
ga_view_center_set( -10.752345, -2.163543 )
STRING asm_create_grid_xyz_created_ids[VIRTUAL]
asm_const_grid_xyz( "48", "[ 8.991938 -0.000000 -1.436813 ]", "Coord 0",  @
asm_create_grid_xyz_created_ids )
$# 1 Point created: Point 48
STRING sgm_create_vector_m_created_ids[VIRTUAL]
sgm_const_vector_magnitude( "1", "1.0", "<1 0 0>", "Point 48", "Coord 0",  @
sgm_create_vector_m_created_ids )
$# 1 Vector Created: Vector 1
STRING sgm_create_plane_po_created_ids[VIRTUAL]
sgm_const_plane_point_vector( "1", "Point 48", "Vector 1",  @
sgm_create_plane_po_created_ids )
$# 1 Plane Created: Plane 1
STRING sgm_create_plane_of_created_ids[VIRTUAL]
sgm_const_plane_offset( "2", "5", 1, "Plane 1",  @
sgm_create_plane_of_created_ids )
$# 1 Plane Created: Plane 2
gu_fit_view(  )
STRING sgm_solid_break_pla_created_ids[VIRTUAL]
ge_solid_break_by_plane( "2", "Solid 1", "Plane 2", TRUE,  @
sgm_solid_break_pla_created_ids )
$# Question from application SGM
$#     Do you wish to delete the original solids?
$# Appending to existing journal file C:\Users\mmttn\Desktop\2012 04 
$# 27_ttn_Website\graphics\projects_page\original\without_relief_groove.db.jou
$#  at 02-May-12 18:44:13
$# Synchronizing the User Data Manager
set_current_dir( "C:\Users\mmttn\Desktop\2012 04 27_ttn_Website\graphics\p" // @
"rojects_page\original" )
$# The current working directory has been changed to the database location 
$# shown.                                                                     
$#                                                                            
$#                                   
ga_view_aa_set( -6.200512, 48.325573, 13.035868 )
STRING sgm_solid_break_pla_created_ids[VIRTUAL]
ge_solid_break_by_plane( "2", "Solid 1", "Plane 2", TRUE,  @
sgm_solid_break_pla_created_ids )
$# Question from application SGM
$#     Do you wish to delete the original solids?
$? YESFORALL 38000221 
$# 1 Solid Deleted: Solid 1
$# Solid 1 was broken into 2 solids : Solids 2 3
STRING asm_delete_solid_deleted_ids[VIRTUAL]
asm_delete_solid( "Solid 2", asm_delete_solid_deleted_ids )
$# 1 Solid Deleted: Solid 2
asm_delete_solid( "Solid 2", asm_delete_solid_deleted_ids )
$# No Geometry Deleted.
repaint_graphics(  )
display_cleanup(  )
repaint_graphics(  )
uil_toolbar.shaded_smooth(  )
STRING asm_delete_plane_deleted_ids[VIRTUAL]
asm_delete_plane( "Plane 1 2", asm_delete_plane_deleted_ids )
$# 2 Planes Deleted: Plane 1 2
STRING asm_delete_point_deleted_ids[VIRTUAL]
asm_delete_point( "Point 48 67:95", asm_delete_point_deleted_ids )
$# 30 Points Deleted: Point 48 67:95
repaint_graphics(  )
ga_view_aa_set( -15.435612, 73.932640, 23.456711 )
ga_view_aa_set( 12.023993, 49.265308, -4.668324 )
ga_view_aa_set( 23., 56., 0. )
ga_view_center_set( -7.392798, -2.918210 )
ga_view_zoom_set( 1.621228 )
ga_view_zoom_set( 3.161395 )
ga_view_center_set( -6.602450, -3.676945 )
ga_view_aa_set( 12.107566, 34.269592, 10.936292 )
ga_view_aa_set( -1.842406, 35.266983, 10.848567 )
ga_view_center_set( -9.542548, -2.254318 )
ga_view_center_set( -9.827074, -2.001405 )
ga_view_aa_set( -1.842406, 35.266983, 10.848567 )
gm_write_image( "JPEG", "without_relief_groove.jpg", "Increment", 0., 0., 1.,  @
1., 100, "Viewport" )
$# Finished writing IMAGE file[.\without_relief_groove_1.jpg].
uil_imaging_bw_reverse(  )
uil_imaging_bw_reverse(  )
gm_write_image( "JPEG", "without_relief_groove.jpg", "Increment", 0., 0., 1.,  @
1., 100, "Viewport" )
$# Finished writing IMAGE file[.\without_relief_groove_2.jpg].
ga_view_aa_set( 0., 0., 0. )
ga_view_center_set( -11.629069, 0.053501 )
gm_write_image( "JPEG", "without_relief_groove_ortho.jpg", "Increment", 0.,  @
0., 1., 1., 100, "Viewport" )
$# Finished writing IMAGE file[.\without_relief_groove_ortho_1.jpg].
$# Flushing the User Data Manager
$# Journal file stopped recording at 02-May-12 18:53:01
